Current Player Index=0
CurrentPhase=Attack
[CARDS]
Infantry,Alaska:Cavalry,Northwest Territory:Artillery,Alberta:Infantry,Greenland:Cavalry,Ontario:Artillery,Quebec:Infantry,Western United States:Cavalry,Eastern United States:Artillery,Central America:Infantry,Venezuala:Cavalry,Peru:Artillery,Argentina:Infantry,Brazil:Cavalry,North Africa:Artillery,Congo:Infantry,South Africa:Cavalry,Madagascar:Artillery,East Africa:Infantry,Egypt:Cavalry,Iceland:Artillery,Great Britain:Infantry,Western Europe:Cavalry,Scandinavia:Artillery,Northern Europe:Infantry,Southern Europe:Cavalry,Ukraine:Artillery,Middle East:Infantry,Ural:Cavalry,Afghanistan:Artillery,India:Infantry,Siberia:Cavalry,China:Artillery,Siam:Infantry,Mongolia:Cavalry,Irkutsk:Artillery,Yatusk:Infantry,Kamchatka:Cavalry,Japan:Artillery,Indonesia:Infantry,New Guinea:Cavalry,Western Australia:Artillery,Eastern Australia:

Player 1
Army Count =0
Conutry Count = 11
Cards Count = 0
Ural,Venezuala,Ontario,Eastern United States,Argentina,Eastern Australia,Indonesia,Great Britain,Congo,Western Europe,New Guinea

Player 2
Army Count =0
Conutry Count = 11
Cards Count = 0
Siberia,Peru,Scandinavia,Mongolia,Kamchatka,India,Alberta,Middle East,Western United States,Quebec,Siam

Player 3
Army Count =0
Conutry Count = 10
Cards Count = 0
Brazil,Yatusk,East Africa,Alaska,Western Australia,Japan,Afghanistan,Central America,Ukraine,Northwest Territory

Player 4
Army Count =0
Conutry Count = 10
Cards Count = 0
Irkutsk,Madagascar,China,Greenland,Northern Europe,Iceland,South Africa,Southern Europe,North Africa,Egypt

