[Map]
image=world.bmp
wrap=yes
scroll=horizontal
author=Your name
warn=yes
[Continents]
North America=5
South America=2
Africa=3
Europe=5
Asia=7
Australia=2
[Territories]
Alaska,0,0,North America,Northwest Territory,Alberta,Kamchatka
Alberta,0,0,North America,Alaska,Northwest Territory,Ontario,Western United States
Central America,0,0,North America,Western United States,Venezuela
Eastern United States,0,0,North America,Western United States,Ontario,Quebec
Greenland,0,0,North America,Northwest Territory,Ontario,Quebec,Iceland
Northwest Territory,0,0,North America,Alaska,Greenland,Ontario,Alberta
Ontario,0,0,North America,Northwest Territory,Greenland,Quebec,Eastern United States,Western United States,Alberta
Quebec,0,0,North America,Ontario,Greenland,Eastern United States
Western United States,0,0,North America,Alberta,Ontario,Eastern United States,Central America
Argentina,0,0,South America,Venezuela,Brazil,Peru
Brazil,0,0,South America,Venezuela,North Africa,Argentina,Peru
Peru,0,0,South America,Argentina,Brazil,Venezuela
Venezuela,0,0,South America,Central America,Brazil,Argentina,Peru
Great Britain,0,0,Europe,Iceland,Scandinavia,Northern Europe,Western Europe
Iceland,0,0,Europe,Greenland,Great Britain
NorthenEurope,0,0,Europe,Great Britain,Ukraine,Southern Europe,Western Europe
Scandinavia,0,0,Europe,Great Britain,Ukraine
Southern Europe,0,0,Europe,Western Europe,Northern Europe,Ukraine,Egypt,North Africa
Ukraine,0,0,Europe,Scandinavia,Ural,Afghanistan,Middle East,Southern Europe,Northern Europe
Western Europe,0,0,Europe,Great Britain,Northern Europe,Southern Europe,North Africa
Congo,0,0,Africa,North Africa,Egypt,East Africa,South Africa
East Africa,0,0,Africa,Egypt,Madagascar,South Africa,Congo
Egypt,0,0,Africa,Southern Europe,Middle East,East Africa,Congo,North Africa
Madagascar,0,0,Africa,East Africa,South Africa
North Africa,0,0,Africa,Western Europe,Southern Europe,Egypt,Congo,Brazil
South Africa,0,0,Africa,Congo,East Africa,Madagascar
Afganistan,0,0,Asia,Ukraine,Ural,Siberia,China,India,Middle East
China,0,0,Asia,Afghanistan,Siberia,Mongolia,Siam,India
India,0,0,Asia,Middle East,Afghanistan,China,Siam
Irkutsk,0,0,Asia,Siberia,Yakutsk,Kamchatka,Mongolia
Japan,0,0,Asia,Kamchatka,Mongolia
Kamchatka,0,0,Asia,Yakutsk,Alaska,Japan,Mongolia,Irkutsk
Middel East,0,0,Asia,Ukraine,Afghanistan,India,Egypt
Mongolia,0,0,Asia,Siberia,Irkutsk,Kamchatka,Japan,China
Siam,0,0,Asia,India,China,Indonesia
Siberia,0,0,Asia,Ural,Yakutsk,Irkutsk,Mongolia,China,Afghanistan
Ural,0,0,Asia,Ukraine,Siberia,Afghanistan
Yakutsk,0,0,Asia,Siberia,Kamchatka,Irkutsk
Eastern Australia,0,0,Australia,New Guinea,Western Australia
Indonesia,0,0,Australia,Siam,New Guinea,Western Australia
New Guinea,0,0,Australia,Indonesia,Eastern Australia,Western Australia
Western Australia,0,0,Australia,Indonesia,New Guinea,Eastern Australia